*** Symbol table global ***
0|main|function|function () returning int
*** Symbol table function main ***
1|si|variable|short
1|li|variable|long
