0|main|function|function () returning int
1|vc|variable|volatile char
1|vus|variable|volatile unsigned short
1|vl|variable|volatile long
