0|main|function|function () returning int
1|s|variable|int
1|u|variable|unsigned int
