0|main|function|function () returning int
1|c1|variable|char
1|c2|variable|char
1|c3|variable|unsigned char
