0|struct Foo|type|struct Foo {int, char}
0|readint|function|function () returning int
0|main|function|function () returning int
1|x|variable|int
1|y|variable|char
1|result|variable|int
1|f|variable|int
2|f|variable|struct Foo {int, char}
4|f|variable|pointer to const char
4|f|variable|unsigned long
