0|main|function|function () returning int
1|arr|variable|array of 10 x int
1|p|variable|pointer to int
1|i|variable|int
