0|sum|function|function (pointer to int, int) returning int
0|main|function|function () returning int
1|arr|variable|pointer to int
1|n|variable|int
1|a|variable|array of 5 x int
1|tot|variable|int
