*** Symbol table global ***
0|main|function|function () returning int
*** Symbol table function main ***
1|a|variable|int
1|b|variable|int
