0|main|function|function () returning int
1|a|variable|int
1|b|variable|int
