0|main|function|function () returning int
1|x|variable|int
1|p|variable|pointer to int
1|q|variable|pointer to volatile int
