0|sum|function|function (int, int) returning int
0|main|function|function () returning int
1|a|variable|int
1|b|variable|int
1|a|variable|int
1|b|variable|int
1|c|variable|int
1|x|variable|int
