*** Symbol table global ***
0|main|function|function () returning int
*** Symbol table function main ***
