0|incr|function|function (pointer to int) returning void
0|main|function|function () returning int
1|p|variable|pointer to int
1|a|variable|int
