0|main|function|function () returning int
1|a|variable|array of 3 x int
1|p|variable|pointer to int
