0|main|function|function () returning int
1|x|variable|int
1|p|variable|pointer to int
1|pp|variable|pointer to pointer to int
