0|main|function|function () returning int
1|x|variable|int
