*** Symbol table global ***
0|struct Foo|type|struct Foo {int}
0|main|function|function () returning int
*** Symbol table struct Foo ***
1|x|variable|int
*** Symbol table function main ***
1|f1|variable|struct Foo {int}
1|f2|variable|struct Foo {int}
1|arr|variable|array of 2 x pointer to struct Foo {int}
